To honour the JVM settings for this build a single-use Daemon process will be forked. For more on this, please refer to https://docs.gradle.org/9.2.1/userguide/gradle_daemon.html#sec:disabling_the_daemon in the Gradle documentation.
Daemon will be stopped at the end of the build 

> Configure project :
Java: 21.0.11, Version: 1.21.1-3.11.3.DEV.ab78743ed8

> Configure project :repo
Java: 21.0.11, JVM: 21.0.11+10-LTS (Eclipse Adoptium), Arch: amd64, Version: 1.21.1-1.12.DEV.ab78743ed8

> Task :repo:generateEffectiveLombokConfig UP-TO-DATE
> Task :repo:neoFormListLibraries UP-TO-DATE
> Task :repo:cacheVersionManifest1.21.1 UP-TO-DATE
> Task :repo:cacheVersionExecutableClient1.21.1 UP-TO-DATE
> Task :repo:cacheVersionExecutableServer1.21.1 UP-TO-DATE
> Task :repo:cacheVersionExtractedServer1.21.1 UP-TO-DATE
> Task :repo:cacheVersionMappingsClient1.21.1 UP-TO-DATE
> Task :repo:create1.21.1ClientExtraJar UP-TO-DATE
> Task :repo:selectRawArtifactNg_dummy_ng.net.minecraft_client_1.21.1_client-extra UP-TO-DATE
> Task :repo:neoFormListTransformLibraries UP-TO-DATE
> Task :repo:neoFormStripClient UP-TO-DATE
> Task :repo:neoFormStripServer UP-TO-DATE
> Task :repo:neoFormMerge UP-TO-DATE
> Task :repo:neoFormMergeMappings UP-TO-DATE
> Task :repo:neoFormRename UP-TO-DATE
> Task :repo:neoFormDecompile UP-TO-DATE
> Task :repo:neoFormInject UP-TO-DATE
> Task :repo:neoFormPatch UP-TO-DATE
> Task :repo:neoFormPatchUserDev UP-TO-DATE
> Task :repo:neoFormTransformSource UP-TO-DATE
> Task :repo:neoFormRecompile UP-TO-DATE
> Task :repo:supplyRawJarForneoFormJoined1.21.1-20240808.144430 UP-TO-DATE
> Task :repo:selectRawArtifactNg_dummy_ng.net.neoforged_neoforge_21.1.234 UP-TO-DATE
> Task :repo:compileJava UP-TO-DATE
> Task :repo:processResources UP-TO-DATE
> Task :repo:classes UP-TO-DATE
> Task :repo:jar
> Task :clean
> Task :neoFormListLibraries UP-TO-DATE
> Task :cacheVersionManifest1.21.1 UP-TO-DATE
> Task :cacheVersionExecutableClient1.21.1 UP-TO-DATE
> Task :cacheVersionExecutableServer1.21.1 UP-TO-DATE
> Task :cacheVersionExtractedServer1.21.1 UP-TO-DATE
> Task :cacheVersionMappingsClient1.21.1 UP-TO-DATE
> Task :create1.21.1ClientExtraJar UP-TO-DATE
> Task :selectRawArtifactNg_dummy_ng.net.minecraft_client_1.21.1_client-extra UP-TO-DATE
> Task :neoFormListTransformLibraries UP-TO-DATE
> Task :neoFormStripClient UP-TO-DATE
> Task :neoFormStripServer UP-TO-DATE
> Task :neoFormMerge UP-TO-DATE
> Task :neoFormMergeMappings UP-TO-DATE
> Task :neoFormRename UP-TO-DATE
> Task :neoFormDecompile UP-TO-DATE
> Task :neoFormInject UP-TO-DATE
> Task :neoFormPatch UP-TO-DATE
> Task :neoFormPatchUserDev UP-TO-DATE
> Task :generateEffectiveLombokConfig
> Task :neoFormTransformSource
> Task :neoFormTransformSource UP-TO-DATE
> Task :neoFormRecompile
> Task :neoFormRecompile UP-TO-DATE
> Task :supplyRawJarForneoFormJoined1.21.1-20240808.144430
> Task :selectRawArtifactNg_dummy_ng.net.neoforged_neoforge_21.1.234 UP-TO-DATE

> Task :compileJava
C:\Users\aleja\DEV\New Tinkers\tinkers\src\main\java\slimeknights\tconstruct\library\recipe\casting\material\MaterialFluidRecipeBuilder.java:30: warning: Not generating setFluid(): A method with that name already exists
  private FluidIngredient fluid = FluidIngredient.EMPTY;
                          ^
C:\Users\aleja\DEV\New Tinkers\tinkers\src\main\java\slimeknights\tconstruct\shared\particle\FluidParticleData.java:16: warning: Not generating getType(): A method with that name already exists
  @Getter
  ^
C:\Users\aleja\DEV\New Tinkers\tinkers\src\main\java\slimeknights\tconstruct\TConstruct.java:88: warning: [removal] bus() in EventBusSubscriber has been deprecated and marked for removal
@EventBusSubscriber(modid = TConstruct.MOD_ID, bus = Bus.MOD)
                                               ^
C:\Users\aleja\DEV\New Tinkers\tinkers\src\main\java\slimeknights\tconstruct\TConstruct.java:88: warning: [removal] Bus in EventBusSubscriber has been deprecated and marked for removal
@EventBusSubscriber(modid = TConstruct.MOD_ID, bus = Bus.MOD)
                                                     ^
C:\Users\aleja\DEV\New Tinkers\tinkers\src\main\java\slimeknights\tconstruct\TConstruct.java:88: warning: [removal] bus() in EventBusSubscriber has been deprecated and marked for removal
@EventBusSubscriber(modid = TConstruct.MOD_ID, bus = Bus.MOD)
                                               ^
C:\Users\aleja\DEV\New Tinkers\tinkers\src\main\java\slimeknights\tconstruct\TConstruct.java:88: warning: [removal] Bus in EventBusSubscriber has been deprecated and marked for removal
@EventBusSubscriber(modid = TConstruct.MOD_ID, bus = Bus.MOD)
                                                     ^
C:\Users\aleja\DEV\New Tinkers\tinkers\src\main\java\slimeknights\tconstruct\TConstruct.java:88: warning: [removal] bus() in EventBusSubscriber has been deprecated and marked for removal
@EventBusSubscriber(modid = TConstruct.MOD_ID, bus = Bus.MOD)
                                               ^
C:\Users\aleja\DEV\New Tinkers\tinkers\src\main\java\slimeknights\tconstruct\TConstruct.java:88: warning: [removal] Bus in EventBusSubscriber has been deprecated and marked for removal
@EventBusSubscriber(modid = TConstruct.MOD_ID, bus = Bus.MOD)
                                                     ^
C:\Users\aleja\DEV\New Tinkers\tinkers\src\main\java\slimeknights\tconstruct\TConstruct.java:88: warning: [removal] bus() in EventBusSubscriber has been deprecated and marked for removal
@EventBusSubscriber(modid = TConstruct.MOD_ID, bus = Bus.MOD)
                                               ^
C:\Users\aleja\DEV\New Tinkers\tinkers\src\main\java\slimeknights\tconstruct\TConstruct.java:88: warning: [removal] Bus in EventBusSubscriber has been deprecated and marked for removal
@EventBusSubscriber(modid = TConstruct.MOD_ID, bus = Bus.MOD)
                                                     ^
C:\Users\aleja\DEV\New Tinkers\tinkers\src\main\java\slimeknights\tconstruct\TConstruct.java:88: warning: [removal] bus() in EventBusSubscriber has been deprecated and marked for removal
@EventBusSubscriber(modid = TConstruct.MOD_ID, bus = Bus.MOD)
                                               ^
C:\Users\aleja\DEV\New Tinkers\tinkers\src\main\java\slimeknights\tconstruct\TConstruct.java:88: warning: [removal] Bus in EventBusSubscriber has been deprecated and marked for removal
@EventBusSubscriber(modid = TConstruct.MOD_ID, bus = Bus.MOD)
                                                     ^
C:\Users\aleja\DEV\New Tinkers\tinkers\src\main\java\slimeknights\tconstruct\common\Sounds.java:19: warning: [removal] bus() in EventBusSubscriber has been deprecated and marked for removal
@EventBusSubscriber(modid = TConstruct.MOD_ID, bus = EventBusSubscriber.Bus.MOD)
                                               ^
C:\Users\aleja\DEV\New Tinkers\tinkers\src\main\java\slimeknights\tconstruct\common\Sounds.java:19: warning: [removal] Bus in EventBusSubscriber has been deprecated and marked for removal
@EventBusSubscriber(modid = TConstruct.MOD_ID, bus = EventBusSubscriber.Bus.MOD)
                                                                       ^
C:\Users\aleja\DEV\New Tinkers\tinkers\src\main\java\slimeknights\tconstruct\common\Sounds.java:19: warning: [removal] bus() in EventBusSubscriber has been deprecated and marked for removal
@EventBusSubscriber(modid = TConstruct.MOD_ID, bus = EventBusSubscriber.Bus.MOD)
                                               ^
C:\Users\aleja\DEV\New Tinkers\tinkers\src\main\java\slimeknights\tconstruct\common\Sounds.java:19: warning: [removal] Bus in EventBusSubscriber has been deprecated and marked for removal
@EventBusSubscriber(modid = TConstruct.MOD_ID, bus = EventBusSubscriber.Bus.MOD)
                                                                       ^
C:\Users\aleja\DEV\New Tinkers\tinkers\src\main\java\slimeknights\tconstruct\common\Sounds.java:19: warning: [removal] bus() in EventBusSubscriber has been deprecated and marked for removal
@EventBusSubscriber(modid = TConstruct.MOD_ID, bus = EventBusSubscriber.Bus.MOD)
                                               ^
C:\Users\aleja\DEV\New Tinkers\tinkers\src\main\java\slimeknights\tconstruct\common\Sounds.java:19: warning: [removal] Bus in EventBusSubscriber has been deprecated and marked for removal
@EventBusSubscriber(modid = TConstruct.MOD_ID, bus = EventBusSubscriber.Bus.MOD)
                                                                       ^
C:\Users\aleja\DEV\New Tinkers\tinkers\src\main\java\slimeknights\tconstruct\common\Sounds.java:19: warning: [removal] bus() in EventBusSubscriber has been deprecated and marked for removal
@EventBusSubscriber(modid = TConstruct.MOD_ID, bus = EventBusSubscriber.Bus.MOD)
                                               ^
C:\Users\aleja\DEV\New Tinkers\tinkers\src\main\java\slimeknights\tconstruct\common\Sounds.java:19: warning: [removal] Bus in EventBusSubscriber has been deprecated and marked for removal
@EventBusSubscriber(modid = TConstruct.MOD_ID, bus = EventBusSubscriber.Bus.MOD)
                                                                       ^
C:\Users\aleja\DEV\New Tinkers\tinkers\src\main\java\slimeknights\tconstruct\common\Sounds.java:19: warning: [removal] bus() in EventBusSubscriber has been deprecated and marked for removal
@EventBusSubscriber(modid = TConstruct.MOD_ID, bus = EventBusSubscriber.Bus.MOD)
                                               ^
C:\Users\aleja\DEV\New Tinkers\tinkers\src\main\java\slimeknights\tconstruct\common\Sounds.java:19: warning: [removal] Bus in EventBusSubscriber has been deprecated and marked for removal
@EventBusSubscriber(modid = TConstruct.MOD_ID, bus = EventBusSubscriber.Bus.MOD)
                                                                       ^
C:\Users\aleja\DEV\New Tinkers\tinkers\src\main\java\slimeknights\tconstruct\common\TinkerEffect.java:40: warning: [removal] initializeClient(Consumer<IClientMobEffectExtensions>) in MobEffect has been deprecated and marked for removal
  public void initializeClient(Consumer<IClientMobEffectExtensions> consumer) {
              ^
C:\Users\aleja\DEV\New Tinkers\tinkers\src\main\java\slimeknights\tconstruct\fluids\FluidClientEvents.java:19: warning: [removal] bus() in EventBusSubscriber has been deprecated and marked for removal
@EventBusSubscriber(modid = TConstruct.MOD_ID, value = Dist.CLIENT, bus = Bus.MOD)
                                                                    ^
C:\Users\aleja\DEV\New Tinkers\tinkers\src\main\java\slimeknights\tconstruct\fluids\FluidClientEvents.java:19: warning: [removal] Bus in EventBusSubscriber has been deprecated and marked for removal
@EventBusSubscriber(modid = TConstruct.MOD_ID, value = Dist.CLIENT, bus = Bus.MOD)
                                                                          ^
C:\Users\aleja\DEV\New Tinkers\tinkers\src\main\java\slimeknights\tconstruct\fluids\FluidClientEvents.java:19: warning: [removal] bus() in EventBusSubscriber has been deprecated and marked for removal
@EventBusSubscriber(modid = TConstruct.MOD_ID, value = Dist.CLIENT, bus = Bus.MOD)
                                                                    ^
C:\Users\aleja\DEV\New Tinkers\tinkers\src\main\java\slimeknights\tconstruct\fluids\FluidClientEvents.java:19: warning: [removal] Bus in EventBusSubscriber has been deprecated and marked for removal
@EventBusSubscriber(modid = TConstruct.MOD_ID, value = Dist.CLIENT, bus = Bus.MOD)
                                                                          ^
C:\Users\aleja\DEV\New Tinkers\tinkers\src\main\java\slimeknights\tconstruct\fluids\FluidClientEvents.java:19: warning: [removal] bus() in EventBusSubscriber has been deprecated and marked for removal
@EventBusSubscriber(modid = TConstruct.MOD_ID, value = Dist.CLIENT, bus = Bus.MOD)
                                                                    ^
C:\Users\aleja\DEV\New Tinkers\tinkers\src\main\java\slimeknights\tconstruct\fluids\FluidClientEvents.java:19: warning: [removal] Bus in EventBusSubscriber has been deprecated and marked for removal
@EventBusSubscriber(modid = TConstruct.MOD_ID, value = Dist.CLIENT, bus = Bus.MOD)
                                                                          ^
C:\Users\aleja\DEV\New Tinkers\tinkers\src\main\java\slimeknights\tconstruct\fluids\FluidClientEvents.java:19: warning: [removal] bus() in EventBusSubscriber has been deprecated and marked for removal
@EventBusSubscriber(modid = TConstruct.MOD_ID, value = Dist.CLIENT, bus = Bus.MOD)
                                                                    ^
C:\Users\aleja\DEV\New Tinkers\tinkers\src\main\java\slimeknights\tconstruct\fluids\FluidClientEvents.java:19: warning: [removal] Bus in EventBusSubscriber has been deprecated and marked for removal
@EventBusSubscriber(modid = TConstruct.MOD_ID, value = Dist.CLIENT, bus = Bus.MOD)
                                                                          ^
C:\Users\aleja\DEV\New Tinkers\tinkers\src\main\java\slimeknights\tconstruct\fluids\FluidClientEvents.java:19: warning: [removal] bus() in EventBusSubscriber has been deprecated and marked for removal
@EventBusSubscriber(modid = TConstruct.MOD_ID, value = Dist.CLIENT, bus = Bus.MOD)
                                                                    ^
C:\Users\aleja\DEV\New Tinkers\tinkers\src\main\java\slimeknights\tconstruct\fluids\FluidClientEvents.java:19: warning: [removal] Bus in EventBusSubscriber has been deprecated and marked for removal
@EventBusSubscriber(modid = TConstruct.MOD_ID, value = Dist.CLIENT, bus = Bus.MOD)
                                                                          ^
C:\Users\aleja\DEV\New Tinkers\tinkers\src\main\java\slimeknights\tconstruct\fluids\FluidEvents.java:18: warning: [removal] bus() in EventBusSubscriber has been deprecated and marked for removal
@EventBusSubscriber(modid = TConstruct.MOD_ID, bus = Bus.GAME)
                                               ^
C:\Users\aleja\DEV\New Tinkers\tinkers\src\main\java\slimeknights\tconstruct\fluids\FluidEvents.java:18: warning: [removal] Bus in EventBusSubscriber has been deprecated and marked for removal
@EventBusSubscriber(modid = TConstruct.MOD_ID, bus = Bus.GAME)
                                                     ^
C:\Users\aleja\DEV\New Tinkers\tinkers\src\main\java\slimeknights\tconstruct\fluids\FluidEvents.java:18: warning: [removal] bus() in EventBusSubscriber has been deprecated and marked for removal
@EventBusSubscriber(modid = TConstruct.MOD_ID, bus = Bus.GAME)
                                               ^
C:\Users\aleja\DEV\New Tinkers\tinkers\src\main\java\slimeknights\tconstruct\fluids\FluidEvents.java:18: warning: [removal] Bus in EventBusSubscriber has been deprecated and marked for removal
@EventBusSubscriber(modid = TConstruct.MOD_ID, bus = Bus.GAME)
                                                     ^
C:\Users\aleja\DEV\New Tinkers\tinkers\src\main\java\slimeknights\tconstruct\fluids\FluidEvents.java:18: warning: [removal] bus() in EventBusSubscriber has been deprecated and marked for removal
@EventBusSubscriber(modid = TConstruct.MOD_ID, bus = Bus.GAME)
                                               ^
C:\Users\aleja\DEV\New Tinkers\tinkers\src\main\java\slimeknights\tconstruct\fluids\FluidEvents.java:18: warning: [removal] Bus in EventBusSubscriber has been deprecated and marked for removal
@EventBusSubscriber(modid = TConstruct.MOD_ID, bus = Bus.GAME)
                                                     ^
C:\Users\aleja\DEV\New Tinkers\tinkers\src\main\java\slimeknights\tconstruct\fluids\FluidEvents.java:18: warning: [removal] bus() in EventBusSubscriber has been deprecated and marked for removal
@EventBusSubscriber(modid = TConstruct.MOD_ID, bus = Bus.GAME)
                                               ^
C:\Users\aleja\DEV\New Tinkers\tinkers\src\main\java\slimeknights\tconstruct\fluids\FluidEvents.java:18: warning: [removal] Bus in EventBusSubscriber has been deprecated and marked for removal
@EventBusSubscriber(modid = TConstruct.MOD_ID, bus = Bus.GAME)
                                                     ^
C:\Users\aleja\DEV\New Tinkers\tinkers\src\main\java\slimeknights\tconstruct\fluids\FluidEvents.java:18: warning: [removal] bus() in EventBusSubscriber has been deprecated and marked for removal
@EventBusSubscriber(modid = TConstruct.MOD_ID, bus = Bus.GAME)
                                               ^
C:\Users\aleja\DEV\New Tinkers\tinkers\src\main\java\slimeknights\tconstruct\fluids\FluidEvents.java:18: warning: [removal] Bus in EventBusSubscriber has been deprecated and marked for removal
@EventBusSubscriber(modid = TConstruct.MOD_ID, bus = Bus.GAME)
                                                     ^
C:\Users\aleja\DEV\New Tinkers\tinkers\src\main\java\slimeknights\tconstruct\fluids\fluids\PotionFluidType.java:50: warning: [removal] initializeClient(Consumer<IClientFluidTypeExtensions>) in FluidType has been deprecated and marked for removal
  public void initializeClient(Consumer<IClientFluidTypeExtensions> consumer) {
              ^
C:\Users\aleja\DEV\New Tinkers\tinkers\src\main\java\slimeknights\tconstruct\gadgets\GadgetClientEvents.java:19: warning: [removal] bus() in EventBusSubscriber has been deprecated and marked for removal
@EventBusSubscriber(modid=TConstruct.MOD_ID, value=Dist.CLIENT, bus=Bus.MOD)
                                                                ^
C:\Users\aleja\DEV\New Tinkers\tinkers\src\main\java\slimeknights\tconstruct\gadgets\GadgetClientEvents.java:19: warning: [removal] Bus in EventBusSubscriber has been deprecated and marked for removal
@EventBusSubscriber(modid=TConstruct.MOD_ID, value=Dist.CLIENT, bus=Bus.MOD)
                                                                    ^
C:\Users\aleja\DEV\New Tinkers\tinkers\src\main\java\slimeknights\tconstruct\gadgets\GadgetClientEvents.java:19: warning: [removal] bus() in EventBusSubscriber has been deprecated and marked for removal
@EventBusSubscriber(modid=TConstruct.MOD_ID, value=Dist.CLIENT, bus=Bus.MOD)
                                                                ^
C:\Users\aleja\DEV\New Tinkers\tinkers\src\main\java\slimeknights\tconstruct\gadgets\GadgetClientEvents.java:19: warning: [removal] Bus in EventBusSubscriber has been deprecated and marked for removal
@EventBusSubscriber(modid=TConstruct.MOD_ID, value=Dist.CLIENT, bus=Bus.MOD)
                                                                    ^
C:\Users\aleja\DEV\New Tinkers\tinkers\src\main\java\slimeknights\tconstruct\gadgets\GadgetClientEvents.java:19: warning: [removal] bus() in EventBusSubscriber has been deprecated and marked for removal
@EventBusSubscriber(modid=TConstruct.MOD_ID, value=Dist.CLIENT, bus=Bus.MOD)
                                                                ^
C:\Users\aleja\DEV\New Tinkers\tinkers\src\main\java\slimeknights\tconstruct\gadgets\GadgetClientEvents.java:19: warning: [removal] Bus in EventBusSubscriber has been deprecated and marked for removal
@EventBusSubscriber(modid=TConstruct.MOD_ID, value=Dist.CLIENT, bus=Bus.MOD)
                                                                    ^
C:\Users\aleja\DEV\New Tinkers\tinkers\src\main\java\slimeknights\tconstruct\gadgets\GadgetClientEvents.java:19: warning: [removal] bus() in EventBusSubscriber has been deprecated and marked for removal
@EventBusSubscriber(modid=TConstruct.MOD_ID, value=Dist.CLIENT, bus=Bus.MOD)
                                                                ^
C:\Users\aleja\DEV\New Tinkers\tinkers\src\main\java\slimeknights\tconstruct\gadgets\GadgetClientEvents.java:19: warning: [removal] Bus in EventBusSubscriber has been deprecated and marked for removal
@EventBusSubscriber(modid=TConstruct.MOD_ID, value=Dist.CLIENT, bus=Bus.MOD)
                                                                    ^
C:\Users\aleja\DEV\New Tinkers\tinkers\src\main\java\slimeknights\tconstruct\gadgets\GadgetClientEvents.java:19: warning: [removal] bus() in EventBusSubscriber has been deprecated and marked for removal
@EventBusSubscriber(modid=TConstruct.MOD_ID, value=Dist.CLIENT, bus=Bus.MOD)
                                                                ^
C:\Users\aleja\DEV\New Tinkers\tinkers\src\main\java\slimeknights\tconstruct\gadgets\GadgetClientEvents.java:19: warning: [removal] Bus in EventBusSubscriber has been deprecated and marked for removal
@EventBusSubscriber(modid=TConstruct.MOD_ID, value=Dist.CLIENT, bus=Bus.MOD)
                                                                    ^
C:\Users\aleja\DEV\New Tinkers\tinkers\src\main\java\slimeknights\tconstruct\library\modifiers\hook\armor\ProtectionModifierHook.java:43: warning: [removal] PROTECTION_CAP in TinkerDataKeys has been deprecated and marked for removal
    return Math.min(20 + (capability != null ? capability.get(TinkerDataKeys.PROTECTION_CAP) : 0f), 25 * 0.95f);
                                                                            ^
C:\Users\aleja\DEV\New Tinkers\tinkers\src\main\java\slimeknights\tconstruct\library\modifiers\hook\armor\ProtectionModifierHook.java:48: warning: [removal] PROTECTION_CAP in TinkerDataKeys has been deprecated and marked for removal
    return Math.min(living.getAttributeValue(TinkerAttributes.PROTECTION_CAP) * 25f + (capability != null ? capability.get(TinkerDataKeys.PROTECTION_CAP) : 0f), 25 * 0.95f);
                                                                                                                                         ^
C:\Users\aleja\DEV\New Tinkers\tinkers\src\main\java\slimeknights\tconstruct\library\tools\item\armor\MultilayerArmorItem.java:48: warning: [removal] initializeClient(Consumer<IClientItemExtensions>) in Item has been deprecated and marked for removal
  public void initializeClient(Consumer<IClientItemExtensions> consumer) {
              ^
C:\Users\aleja\DEV\New Tinkers\tinkers\src\main\java\slimeknights\tconstruct\library\tools\item\ModifiableItem.java:521: warning: [removal] initializeClient(Consumer<IClientItemExtensions>) in Item has been deprecated and marked for removal
  public void initializeClient(Consumer<IClientItemExtensions> consumer) {
              ^
C:\Users\aleja\DEV\New Tinkers\tinkers\src\main\java\slimeknights\tconstruct\library\tools\item\ranged\ModifiableLauncherItem.java:370: warning: [removal] initializeClient(Consumer<IClientItemExtensions>) in Item has been deprecated and marked for removal
  public void initializeClient(Consumer<IClientItemExtensions> consumer) {
              ^
C:\Users\aleja\DEV\New Tinkers\tinkers\src\main\java\slimeknights\tconstruct\shared\command\subcommand\GenerateMeltingRecipesCommand.java:363: warning: [removal] isFluidEqual(FluidStack) in FluidStack has been deprecated and marked for removal
      return first.fluid.isFluidEqual(second.fluid);
                        ^
C:\Users\aleja\DEV\New Tinkers\tinkers\src\main\java\slimeknights\tconstruct\shared\CommonsClientEvents.java:22: warning: [removal] bus() in EventBusSubscriber has been deprecated and marked for removal
@EventBusSubscriber(modid = TConstruct.MOD_ID, value = Dist.CLIENT, bus = Bus.MOD)
                                                                    ^
C:\Users\aleja\DEV\New Tinkers\tinkers\src\main\java\slimeknights\tconstruct\shared\CommonsClientEvents.java:22: warning: [removal] Bus in EventBusSubscriber has been deprecated and marked for removal
@EventBusSubscriber(modid = TConstruct.MOD_ID, value = Dist.CLIENT, bus = Bus.MOD)
                                                                          ^
C:\Users\aleja\DEV\New Tinkers\tinkers\src\main\java\slimeknights\tconstruct\shared\CommonsClientEvents.java:22: warning: [removal] bus() in EventBusSubscriber has been deprecated and marked for removal
@EventBusSubscriber(modid = TConstruct.MOD_ID, value = Dist.CLIENT, bus = Bus.MOD)
                                                                    ^
C:\Users\aleja\DEV\New Tinkers\tinkers\src\main\java\slimeknights\tconstruct\shared\CommonsClientEvents.java:22: warning: [removal] Bus in EventBusSubscriber has been deprecated and marked for removal
@EventBusSubscriber(modid = TConstruct.MOD_ID, value = Dist.CLIENT, bus = Bus.MOD)
                                                                          ^
C:\Users\aleja\DEV\New Tinkers\tinkers\src\main\java\slimeknights\tconstruct\shared\CommonsClientEvents.java:22: warning: [removal] bus() in EventBusSubscriber has been deprecated and marked for removal
@EventBusSubscriber(modid = TConstruct.MOD_ID, value = Dist.CLIENT, bus = Bus.MOD)
                                                                    ^
C:\Users\aleja\DEV\New Tinkers\tinkers\src\main\java\slimeknights\tconstruct\shared\CommonsClientEvents.java:22: warning: [removal] Bus in EventBusSubscriber has been deprecated and marked for removal
@EventBusSubscriber(modid = TConstruct.MOD_ID, value = Dist.CLIENT, bus = Bus.MOD)
                                                                          ^
C:\Users\aleja\DEV\New Tinkers\tinkers\src\main\java\slimeknights\tconstruct\shared\CommonsClientEvents.java:22: warning: [removal] bus() in EventBusSubscriber has been deprecated and marked for removal
@EventBusSubscriber(modid = TConstruct.MOD_ID, value = Dist.CLIENT, bus = Bus.MOD)
                                                                    ^
C:\Users\aleja\DEV\New Tinkers\tinkers\src\main\java\slimeknights\tconstruct\shared\CommonsClientEvents.java:22: warning: [removal] Bus in EventBusSubscriber has been deprecated and marked for removal
@EventBusSubscriber(modid = TConstruct.MOD_ID, value = Dist.CLIENT, bus = Bus.MOD)
                                                                          ^
C:\Users\aleja\DEV\New Tinkers\tinkers\src\main\java\slimeknights\tconstruct\shared\CommonsClientEvents.java:22: warning: [removal] bus() in EventBusSubscriber has been deprecated and marked for removal
@EventBusSubscriber(modid = TConstruct.MOD_ID, value = Dist.CLIENT, bus = Bus.MOD)
                                                                    ^
C:\Users\aleja\DEV\New Tinkers\tinkers\src\main\java\slimeknights\tconstruct\shared\CommonsClientEvents.java:22: warning: [removal] Bus in EventBusSubscriber has been deprecated and marked for removal
@EventBusSubscriber(modid = TConstruct.MOD_ID, value = Dist.CLIENT, bus = Bus.MOD)
                                                                          ^
C:\Users\aleja\DEV\New Tinkers\tinkers\src\main\java\slimeknights\tconstruct\shared\TinkerClient.java:69: warning: [removal] bus() in EventBusSubscriber has been deprecated and marked for removal
@EventBusSubscriber(modid = TConstruct.MOD_ID, value = Dist.CLIENT, bus = Bus.GAME)
                                                                    ^
C:\Users\aleja\DEV\New Tinkers\tinkers\src\main\java\slimeknights\tconstruct\shared\TinkerClient.java:69: warning: [removal] Bus in EventBusSubscriber has been deprecated and marked for removal
@EventBusSubscriber(modid = TConstruct.MOD_ID, value = Dist.CLIENT, bus = Bus.GAME)
                                                                          ^
C:\Users\aleja\DEV\New Tinkers\tinkers\src\main\java\slimeknights\tconstruct\shared\TinkerClient.java:69: warning: [removal] bus() in EventBusSubscriber has been deprecated and marked for removal
@EventBusSubscriber(modid = TConstruct.MOD_ID, value = Dist.CLIENT, bus = Bus.GAME)
                                                                    ^
C:\Users\aleja\DEV\New Tinkers\tinkers\src\main\java\slimeknights\tconstruct\shared\TinkerClient.java:69: warning: [removal] Bus in EventBusSubscriber has been deprecated and marked for removal
@EventBusSubscriber(modid = TConstruct.MOD_ID, value = Dist.CLIENT, bus = Bus.GAME)
                                                                          ^
C:\Users\aleja\DEV\New Tinkers\tinkers\src\main\java\slimeknights\tconstruct\shared\TinkerClient.java:69: warning: [removal] bus() in EventBusSubscriber has been deprecated and marked for removal
@EventBusSubscriber(modid = TConstruct.MOD_ID, value = Dist.CLIENT, bus = Bus.GAME)
                                                                    ^
C:\Users\aleja\DEV\New Tinkers\tinkers\src\main\java\slimeknights\tconstruct\shared\TinkerClient.java:69: warning: [removal] Bus in EventBusSubscriber has been deprecated and marked for removal
@EventBusSubscriber(modid = TConstruct.MOD_ID, value = Dist.CLIENT, bus = Bus.GAME)
                                                                          ^
C:\Users\aleja\DEV\New Tinkers\tinkers\src\main\java\slimeknights\tconstruct\shared\TinkerClient.java:69: warning: [removal] bus() in EventBusSubscriber has been deprecated and marked for removal
@EventBusSubscriber(modid = TConstruct.MOD_ID, value = Dist.CLIENT, bus = Bus.GAME)
                                                                    ^
C:\Users\aleja\DEV\New Tinkers\tinkers\src\main\java\slimeknights\tconstruct\shared\TinkerClient.java:69: warning: [removal] Bus in EventBusSubscriber has been deprecated and marked for removal
@EventBusSubscriber(modid = TConstruct.MOD_ID, value = Dist.CLIENT, bus = Bus.GAME)
                                                                          ^
C:\Users\aleja\DEV\New Tinkers\tinkers\src\main\java\slimeknights\tconstruct\shared\TinkerClient.java:69: warning: [removal] bus() in EventBusSubscriber has been deprecated and marked for removal
@EventBusSubscriber(modid = TConstruct.MOD_ID, value = Dist.CLIENT, bus = Bus.GAME)
                                                                    ^
C:\Users\aleja\DEV\New Tinkers\tinkers\src\main\java\slimeknights\tconstruct\shared\TinkerClient.java:69: warning: [removal] Bus in EventBusSubscriber has been deprecated and marked for removal
@EventBusSubscriber(modid = TConstruct.MOD_ID, value = Dist.CLIENT, bus = Bus.GAME)
                                                                          ^
C:\Users\aleja\DEV\New Tinkers\tinkers\src\main\java\slimeknights\tconstruct\shared\TinkerCommons.java:199: warning: [removal] TagIntersectionPresentCondition in slimeknights.tconstruct.library.json.condition has been deprecated and marked for removal
    CONDITION_SERIALIZERS.register("tag_intersection_present", () -> TagIntersectionPresentCondition.CODEC);
                                                                     ^
C:\Users\aleja\DEV\New Tinkers\tinkers\src\main\java\slimeknights\tconstruct\shared\TinkerCommons.java:200: warning: [removal] TagDifferencePresentCondition in slimeknights.tconstruct.library.json.condition has been deprecated and marked for removal
    CONDITION_SERIALIZERS.register("tag_difference_present", () -> TagDifferencePresentCondition.CODEC);
                                                                   ^
C:\Users\aleja\DEV\New Tinkers\tinkers\src\main\java\slimeknights\tconstruct\shared\TinkerCommons.java:201: warning: [removal] TagNotEmptyCondition in slimeknights.tconstruct.library.json.condition has been deprecated and marked for removal
    CONDITION_SERIALIZERS.register("tag_not_empty", () -> TagNotEmptyCondition.CODEC);
                                                          ^
C:\Users\aleja\DEV\New Tinkers\tinkers\src\main\java\slimeknights\tconstruct\smeltery\SmelteryClientEvents.java:35: warning: [removal] bus() in EventBusSubscriber has been deprecated and marked for removal
@EventBusSubscriber(modid= TConstruct.MOD_ID, value= Dist.CLIENT, bus= Bus.MOD)
                                                                  ^
C:\Users\aleja\DEV\New Tinkers\tinkers\src\main\java\slimeknights\tconstruct\smeltery\SmelteryClientEvents.java:35: warning: [removal] Bus in EventBusSubscriber has been deprecated and marked for removal
@EventBusSubscriber(modid= TConstruct.MOD_ID, value= Dist.CLIENT, bus= Bus.MOD)
                                                                       ^
C:\Users\aleja\DEV\New Tinkers\tinkers\src\main\java\slimeknights\tconstruct\smeltery\SmelteryClientEvents.java:35: warning: [removal] bus() in EventBusSubscriber has been deprecated and marked for removal
@EventBusSubscriber(modid= TConstruct.MOD_ID, value= Dist.CLIENT, bus= Bus.MOD)
                                                                  ^
C:\Users\aleja\DEV\New Tinkers\tinkers\src\main\java\slimeknights\tconstruct\smeltery\SmelteryClientEvents.java:35: warning: [removal] Bus in EventBusSubscriber has been deprecated and marked for removal
@EventBusSubscriber(modid= TConstruct.MOD_ID, value= Dist.CLIENT, bus= Bus.MOD)
                                                                       ^
C:\Users\aleja\DEV\New Tinkers\tinkers\src\main\java\slimeknights\tconstruct\smeltery\SmelteryClientEvents.java:35: warning: [removal] bus() in EventBusSubscriber has been deprecated and marked for removal
@EventBusSubscriber(modid= TConstruct.MOD_ID, value= Dist.CLIENT, bus= Bus.MOD)
                                                                  ^
C:\Users\aleja\DEV\New Tinkers\tinkers\src\main\java\slimeknights\tconstruct\smeltery\SmelteryClientEvents.java:35: warning: [removal] Bus in EventBusSubscriber has been deprecated and marked for removal
@EventBusSubscriber(modid= TConstruct.MOD_ID, value= Dist.CLIENT, bus= Bus.MOD)
                                                                       ^
C:\Users\aleja\DEV\New Tinkers\tinkers\src\main\java\slimeknights\tconstruct\smeltery\SmelteryClientEvents.java:35: warning: [removal] bus() in EventBusSubscriber has been deprecated and marked for removal
@EventBusSubscriber(modid= TConstruct.MOD_ID, value= Dist.CLIENT, bus= Bus.MOD)
                                                                  ^
C:\Users\aleja\DEV\New Tinkers\tinkers\src\main\java\slimeknights\tconstruct\smeltery\SmelteryClientEvents.java:35: warning: [removal] Bus in EventBusSubscriber has been deprecated and marked for removal
@EventBusSubscriber(modid= TConstruct.MOD_ID, value= Dist.CLIENT, bus= Bus.MOD)
                                                                       ^
C:\Users\aleja\DEV\New Tinkers\tinkers\src\main\java\slimeknights\tconstruct\smeltery\SmelteryClientEvents.java:35: warning: [removal] bus() in EventBusSubscriber has been deprecated and marked for removal
@EventBusSubscriber(modid= TConstruct.MOD_ID, value= Dist.CLIENT, bus= Bus.MOD)
                                                                  ^
C:\Users\aleja\DEV\New Tinkers\tinkers\src\main\java\slimeknights\tconstruct\smeltery\SmelteryClientEvents.java:35: warning: [removal] Bus in EventBusSubscriber has been deprecated and marked for removal
@EventBusSubscriber(modid= TConstruct.MOD_ID, value= Dist.CLIENT, bus= Bus.MOD)
                                                                       ^
C:\Users\aleja\DEV\New Tinkers\tinkers\src\main\java\slimeknights\tconstruct\smeltery\TinkerSmeltery.java:154: warning: [removal] createDataComponents(String) in DeferredRegister has been deprecated and marked for removal
  private static final DeferredRegister.DataComponents DATA_COMPONENTS = DeferredRegister.createDataComponents(TConstruct.MOD_ID);
                                                                                         ^
C:\Users\aleja\DEV\New Tinkers\tinkers\src\main\java\slimeknights\tconstruct\tables\TableClientEvents.java:25: warning: [removal] bus() in EventBusSubscriber has been deprecated and marked for removal
@EventBusSubscriber(modid=TConstruct.MOD_ID, value=Dist.CLIENT, bus=Bus.MOD)
                                                                ^
C:\Users\aleja\DEV\New Tinkers\tinkers\src\main\java\slimeknights\tconstruct\tables\TableClientEvents.java:25: warning: [removal] Bus in EventBusSubscriber has been deprecated and marked for removal
@EventBusSubscriber(modid=TConstruct.MOD_ID, value=Dist.CLIENT, bus=Bus.MOD)
                                                                    ^
C:\Users\aleja\DEV\New Tinkers\tinkers\src\main\java\slimeknights\tconstruct\tables\TableClientEvents.java:25: warning: [removal] bus() in EventBusSubscriber has been deprecated and marked for removal
@EventBusSubscriber(modid=TConstruct.MOD_ID, value=Dist.CLIENT, bus=Bus.MOD)
                                                                ^
C:\Users\aleja\DEV\New Tinkers\tinkers\src\main\java\slimeknights\tconstruct\tables\TableClientEvents.java:25: warning: [removal] Bus in EventBusSubscriber has been deprecated and marked for removal
@EventBusSubscriber(modid=TConstruct.MOD_ID, value=Dist.CLIENT, bus=Bus.MOD)
                                                                    ^
C:\Users\aleja\DEV\New Tinkers\tinkers\src\main\java\slimeknights\tconstruct\tables\TableClientEvents.java:25: warning: [removal] bus() in EventBusSubscriber has been deprecated and marked for removal
@EventBusSubscriber(modid=TConstruct.MOD_ID, value=Dist.CLIENT, bus=Bus.MOD)
                                                                ^
C:\Users\aleja\DEV\New Tinkers\tinkers\src\main\java\slimeknights\tconstruct\tables\TableClientEvents.java:25: warning: [removal] Bus in EventBusSubscriber has been deprecated and marked for removal
@EventBusSubscriber(modid=TConstruct.MOD_ID, value=Dist.CLIENT, bus=Bus.MOD)
                                                                    ^
C:\Users\aleja\DEV\New Tinkers\tinkers\src\main\java\slimeknights\tconstruct\tables\TableClientEvents.java:25: warning: [removal] bus() in EventBusSubscriber has been deprecated and marked for removal
@EventBusSubscriber(modid=TConstruct.MOD_ID, value=Dist.CLIENT, bus=Bus.MOD)
                                                                ^
C:\Users\aleja\DEV\New Tinkers\tinkers\src\main\java\slimeknights\tconstruct\tables\TableClientEvents.java:25: warning: [removal] Bus in EventBusSubscriber has been deprecated and marked for removal
@EventBusSubscriber(modid=TConstruct.MOD_ID, value=Dist.CLIENT, bus=Bus.MOD)
                                                                    ^
C:\Users\aleja\DEV\New Tinkers\tinkers\src\main\java\slimeknights\tconstruct\tables\TableClientEvents.java:25: warning: [removal] bus() in EventBusSubscriber has been deprecated and marked for removal
@EventBusSubscriber(modid=TConstruct.MOD_ID, value=Dist.CLIENT, bus=Bus.MOD)
                                                                ^
C:\Users\aleja\DEV\New Tinkers\tinkers\src\main\java\slimeknights\tconstruct\tables\TableClientEvents.java:25: warning: [removal] Bus in EventBusSubscriber has been deprecated and marked for removal
@EventBusSubscriber(modid=TConstruct.MOD_ID, value=Dist.CLIENT, bus=Bus.MOD)
                                                                    ^
C:\Users\aleja\DEV\New Tinkers\tinkers\src\main\java\slimeknights\tconstruct\tools\client\ClientInteractionHandler.java:29: warning: [removal] bus() in EventBusSubscriber has been deprecated and marked for removal
@EventBusSubscriber(modid = TConstruct.MOD_ID, bus = Bus.GAME, value = Dist.CLIENT)
                                               ^
C:\Users\aleja\DEV\New Tinkers\tinkers\src\main\java\slimeknights\tconstruct\tools\client\ClientInteractionHandler.java:29: warning: [removal] Bus in EventBusSubscriber has been deprecated and marked for removal
@EventBusSubscriber(modid = TConstruct.MOD_ID, bus = Bus.GAME, value = Dist.CLIENT)
                                                     ^
C:\Users\aleja\DEV\New Tinkers\tinkers\src\main\java\slimeknights\tconstruct\tools\client\ClientInteractionHandler.java:29: warning: [removal] bus() in EventBusSubscriber has been deprecated and marked for removal
@EventBusSubscriber(modid = TConstruct.MOD_ID, bus = Bus.GAME, value = Dist.CLIENT)
                                               ^
C:\Users\aleja\DEV\New Tinkers\tinkers\src\main\java\slimeknights\tconstruct\tools\client\ClientInteractionHandler.java:29: warning: [removal] Bus in EventBusSubscriber has been deprecated and marked for removal
@EventBusSubscriber(modid = TConstruct.MOD_ID, bus = Bus.GAME, value = Dist.CLIENT)
                                                     ^
C:\Users\aleja\DEV\New Tinkers\tinkers\src\main\java\slimeknights\tconstruct\tools\client\ClientInteractionHandler.java:29: warning: [removal] bus() in EventBusSubscriber has been deprecated and marked for removal
@EventBusSubscriber(modid = TConstruct.MOD_ID, bus = Bus.GAME, value = Dist.CLIENT)
                                               ^
C:\Users\aleja\DEV\New Tinkers\tinkers\src\main\java\slimeknights\tconstruct\tools\client\ClientInteractionHandler.java:29: warning: [removal] Bus in EventBusSubscriber has been deprecated and marked for removal
@EventBusSubscriber(modid = TConstruct.MOD_ID, bus = Bus.GAME, value = Dist.CLIENT)
                                                     ^
C:\Users\aleja\DEV\New Tinkers\tinkers\src\main\java\slimeknights\tconstruct\tools\client\ClientInteractionHandler.java:29: warning: [removal] bus() in EventBusSubscriber has been deprecated and marked for removal
@EventBusSubscriber(modid = TConstruct.MOD_ID, bus = Bus.GAME, value = Dist.CLIENT)
                                               ^
C:\Users\aleja\DEV\New Tinkers\tinkers\src\main\java\slimeknights\tconstruct\tools\client\ClientInteractionHandler.java:29: warning: [removal] Bus in EventBusSubscriber has been deprecated and marked for removal
@EventBusSubscriber(modid = TConstruct.MOD_ID, bus = Bus.GAME, value = Dist.CLIENT)
                                                     ^
C:\Users\aleja\DEV\New Tinkers\tinkers\src\main\java\slimeknights\tconstruct\tools\client\ClientInteractionHandler.java:29: warning: [removal] bus() in EventBusSubscriber has been deprecated and marked for removal
@EventBusSubscriber(modid = TConstruct.MOD_ID, bus = Bus.GAME, value = Dist.CLIENT)
                                               ^
C:\Users\aleja\DEV\New Tinkers\tinkers\src\main\java\slimeknights\tconstruct\tools\client\ClientInteractionHandler.java:29: warning: [removal] Bus in EventBusSubscriber has been deprecated and marked for removal
@EventBusSubscriber(modid = TConstruct.MOD_ID, bus = Bus.GAME, value = Dist.CLIENT)
                                                     ^
C:\Users\aleja\DEV\New Tinkers\tinkers\src\main\java\slimeknights\tconstruct\tools\client\ModifierClientEvents.java:66: warning: [removal] bus() in EventBusSubscriber has been deprecated and marked for removal
@EventBusSubscriber(modid = TConstruct.MOD_ID, value = Dist.CLIENT, bus = Bus.GAME)
                                                                    ^
C:\Users\aleja\DEV\New Tinkers\tinkers\src\main\java\slimeknights\tconstruct\tools\client\ModifierClientEvents.java:66: warning: [removal] Bus in EventBusSubscriber has been deprecated and marked for removal
@EventBusSubscriber(modid = TConstruct.MOD_ID, value = Dist.CLIENT, bus = Bus.GAME)
                                                                          ^
C:\Users\aleja\DEV\New Tinkers\tinkers\src\main\java\slimeknights\tconstruct\tools\client\ModifierClientEvents.java:66: warning: [removal] bus() in EventBusSubscriber has been deprecated and marked for removal
@EventBusSubscriber(modid = TConstruct.MOD_ID, value = Dist.CLIENT, bus = Bus.GAME)
                                                                    ^
C:\Users\aleja\DEV\New Tinkers\tinkers\src\main\java\slimeknights\tconstruct\tools\client\ModifierClientEvents.java:66: warning: [removal] Bus in EventBusSubscriber has been deprecated and marked for removal
@EventBusSubscriber(modid = TConstruct.MOD_ID, value = Dist.CLIENT, bus = Bus.GAME)
                                                                          ^
C:\Users\aleja\DEV\New Tinkers\tinkers\src\main\java\slimeknights\tconstruct\tools\client\ModifierClientEvents.java:66: warning: [removal] bus() in EventBusSubscriber has been deprecated and marked for removal
@EventBusSubscriber(modid = TConstruct.MOD_ID, value = Dist.CLIENT, bus = Bus.GAME)
                                                                    ^
C:\Users\aleja\DEV\New Tinkers\tinkers\src\main\java\slimeknights\tconstruct\tools\client\ModifierClientEvents.java:66: warning: [removal] Bus in EventBusSubscriber has been deprecated and marked for removal
@EventBusSubscriber(modid = TConstruct.MOD_ID, value = Dist.CLIENT, bus = Bus.GAME)
                                                                          ^
C:\Users\aleja\DEV\New Tinkers\tinkers\src\main\java\slimeknights\tconstruct\tools\client\ModifierClientEvents.java:66: warning: [removal] bus() in EventBusSubscriber has been deprecated and marked for removal
@EventBusSubscriber(modid = TConstruct.MOD_ID, value = Dist.CLIENT, bus = Bus.GAME)
                                                                    ^
C:\Users\aleja\DEV\New Tinkers\tinkers\src\main\java\slimeknights\tconstruct\tools\client\ModifierClientEvents.java:66: warning: [removal] Bus in EventBusSubscriber has been deprecated and marked for removal
@EventBusSubscriber(modid = TConstruct.MOD_ID, value = Dist.CLIENT, bus = Bus.GAME)
                                                                          ^
C:\Users\aleja\DEV\New Tinkers\tinkers\src\main\java\slimeknights\tconstruct\tools\client\ModifierClientEvents.java:66: warning: [removal] bus() in EventBusSubscriber has been deprecated and marked for removal
@EventBusSubscriber(modid = TConstruct.MOD_ID, value = Dist.CLIENT, bus = Bus.GAME)
                                                                    ^
C:\Users\aleja\DEV\New Tinkers\tinkers\src\main\java\slimeknights\tconstruct\tools\client\ModifierClientEvents.java:66: warning: [removal] Bus in EventBusSubscriber has been deprecated and marked for removal
@EventBusSubscriber(modid = TConstruct.MOD_ID, value = Dist.CLIENT, bus = Bus.GAME)
                                                                          ^
C:\Users\aleja\DEV\New Tinkers\tinkers\src\main\java\slimeknights\tconstruct\tools\client\ToolRenderEvents.java:46: warning: [removal] bus() in EventBusSubscriber has been deprecated and marked for removal
@EventBusSubscriber(modid = TConstruct.MOD_ID, value = Dist.CLIENT, bus = Bus.GAME)
                                                                    ^
C:\Users\aleja\DEV\New Tinkers\tinkers\src\main\java\slimeknights\tconstruct\tools\client\ToolRenderEvents.java:46: warning: [removal] Bus in EventBusSubscriber has been deprecated and marked for removal
@EventBusSubscriber(modid = TConstruct.MOD_ID, value = Dist.CLIENT, bus = Bus.GAME)
                                                                          ^
C:\Users\aleja\DEV\New Tinkers\tinkers\src\main\java\slimeknights\tconstruct\tools\client\ToolRenderEvents.java:46: warning: [removal] bus() in EventBusSubscriber has been deprecated and marked for removal
@EventBusSubscriber(modid = TConstruct.MOD_ID, value = Dist.CLIENT, bus = Bus.GAME)
                                                                    ^
C:\Users\aleja\DEV\New Tinkers\tinkers\src\main\java\slimeknights\tconstruct\tools\client\ToolRenderEvents.java:46: warning: [removal] Bus in EventBusSubscriber has been deprecated and marked for removal
@EventBusSubscriber(modid = TConstruct.MOD_ID, value = Dist.CLIENT, bus = Bus.GAME)
                                                                          ^
C:\Users\aleja\DEV\New Tinkers\tinkers\src\main\java\slimeknights\tconstruct\tools\client\ToolRenderEvents.java:46: warning: [removal] bus() in EventBusSubscriber has been deprecated and marked for removal
@EventBusSubscriber(modid = TConstruct.MOD_ID, value = Dist.CLIENT, bus = Bus.GAME)
                                                                    ^
C:\Users\aleja\DEV\New Tinkers\tinkers\src\main\java\slimeknights\tconstruct\tools\client\ToolRenderEvents.java:46: warning: [removal] Bus in EventBusSubscriber has been deprecated and marked for removal
@EventBusSubscriber(modid = TConstruct.MOD_ID, value = Dist.CLIENT, bus = Bus.GAME)
                                                                          ^
C:\Users\aleja\DEV\New Tinkers\tinkers\src\main\java\slimeknights\tconstruct\tools\client\ToolRenderEvents.java:46: warning: [removal] bus() in EventBusSubscriber has been deprecated and marked for removal
@EventBusSubscriber(modid = TConstruct.MOD_ID, value = Dist.CLIENT, bus = Bus.GAME)
                                                                    ^
C:\Users\aleja\DEV\New Tinkers\tinkers\src\main\java\slimeknights\tconstruct\tools\client\ToolRenderEvents.java:46: warning: [removal] Bus in EventBusSubscriber has been deprecated and marked for removal
@EventBusSubscriber(modid = TConstruct.MOD_ID, value = Dist.CLIENT, bus = Bus.GAME)
                                                                          ^
C:\Users\aleja\DEV\New Tinkers\tinkers\src\main\java\slimeknights\tconstruct\tools\client\ToolRenderEvents.java:46: warning: [removal] bus() in EventBusSubscriber has been deprecated and marked for removal
@EventBusSubscriber(modid = TConstruct.MOD_ID, value = Dist.CLIENT, bus = Bus.GAME)
                                                                    ^
C:\Users\aleja\DEV\New Tinkers\tinkers\src\main\java\slimeknights\tconstruct\tools\client\ToolRenderEvents.java:46: warning: [removal] Bus in EventBusSubscriber has been deprecated and marked for removal
@EventBusSubscriber(modid = TConstruct.MOD_ID, value = Dist.CLIENT, bus = Bus.GAME)
                                                                          ^
C:\Users\aleja\DEV\New Tinkers\tinkers\src\main\java\slimeknights\tconstruct\tools\item\SlimeskullItem.java:48: warning: [removal] initializeClient(Consumer<IClientItemExtensions>) in Item has been deprecated and marked for removal
  public void initializeClient(Consumer<IClientItemExtensions> consumer) {
              ^
C:\Users\aleja\DEV\New Tinkers\tinkers\src\main\java\slimeknights\tconstruct\tools\logic\DoubleJumpHandler.java:22: warning: [removal] bus() in EventBusSubscriber has been deprecated and marked for removal
@EventBusSubscriber(modid = TConstruct.MOD_ID, bus = Bus.GAME)
                                               ^
C:\Users\aleja\DEV\New Tinkers\tinkers\src\main\java\slimeknights\tconstruct\tools\logic\DoubleJumpHandler.java:22: warning: [removal] Bus in EventBusSubscriber has been deprecated and marked for removal
@EventBusSubscriber(modid = TConstruct.MOD_ID, bus = Bus.GAME)
                                                     ^
C:\Users\aleja\DEV\New Tinkers\tinkers\src\main\java\slimeknights\tconstruct\tools\logic\DoubleJumpHandler.java:22: warning: [removal] bus() in EventBusSubscriber has been deprecated and marked for removal
@EventBusSubscriber(modid = TConstruct.MOD_ID, bus = Bus.GAME)
                                               ^
C:\Users\aleja\DEV\New Tinkers\tinkers\src\main\java\slimeknights\tconstruct\tools\logic\DoubleJumpHandler.java:22: warning: [removal] Bus in EventBusSubscriber has been deprecated and marked for removal
@EventBusSubscriber(modid = TConstruct.MOD_ID, bus = Bus.GAME)
                                                     ^
C:\Users\aleja\DEV\New Tinkers\tinkers\src\main\java\slimeknights\tconstruct\tools\logic\DoubleJumpHandler.java:22: warning: [removal] bus() in EventBusSubscriber has been deprecated and marked for removal
@EventBusSubscriber(modid = TConstruct.MOD_ID, bus = Bus.GAME)
                                               ^
C:\Users\aleja\DEV\New Tinkers\tinkers\src\main\java\slimeknights\tconstruct\tools\logic\DoubleJumpHandler.java:22: warning: [removal] Bus in EventBusSubscriber has been deprecated and marked for removal
@EventBusSubscriber(modid = TConstruct.MOD_ID, bus = Bus.GAME)
                                                     ^
C:\Users\aleja\DEV\New Tinkers\tinkers\src\main\java\slimeknights\tconstruct\tools\logic\DoubleJumpHandler.java:22: warning: [removal] bus() in EventBusSubscriber has been deprecated and marked for removal
@EventBusSubscriber(modid = TConstruct.MOD_ID, bus = Bus.GAME)
                                               ^
C:\Users\aleja\DEV\New Tinkers\tinkers\src\main\java\slimeknights\tconstruct\tools\logic\DoubleJumpHandler.java:22: warning: [removal] Bus in EventBusSubscriber has been deprecated and marked for removal
@EventBusSubscriber(modid = TConstruct.MOD_ID, bus = Bus.GAME)
                                                     ^
C:\Users\aleja\DEV\New Tinkers\tinkers\src\main\java\slimeknights\tconstruct\tools\logic\DoubleJumpHandler.java:22: warning: [removal] bus() in EventBusSubscriber has been deprecated and marked for removal
@EventBusSubscriber(modid = TConstruct.MOD_ID, bus = Bus.GAME)
                                               ^
C:\Users\aleja\DEV\New Tinkers\tinkers\src\main\java\slimeknights\tconstruct\tools\logic\DoubleJumpHandler.java:22: warning: [removal] Bus in EventBusSubscriber has been deprecated and marked for removal
@EventBusSubscriber(modid = TConstruct.MOD_ID, bus = Bus.GAME)
                                                     ^
C:\Users\aleja\DEV\New Tinkers\tinkers\src\main\java\slimeknights\tconstruct\tools\logic\InteractionHandler.java:63: warning: [removal] bus() in EventBusSubscriber has been deprecated and marked for removal
@EventBusSubscriber(modid = TConstruct.MOD_ID, bus = Bus.GAME)
                                               ^
C:\Users\aleja\DEV\New Tinkers\tinkers\src\main\java\slimeknights\tconstruct\tools\logic\InteractionHandler.java:63: warning: [removal] Bus in EventBusSubscriber has been deprecated and marked for removal
@EventBusSubscriber(modid = TConstruct.MOD_ID, bus = Bus.GAME)
                                                     ^
C:\Users\aleja\DEV\New Tinkers\tinkers\src\main\java\slimeknights\tconstruct\tools\logic\InteractionHandler.java:63: warning: [removal] bus() in EventBusSubscriber has been deprecated and marked for removal
@EventBusSubscriber(modid = TConstruct.MOD_ID, bus = Bus.GAME)
                                               ^
C:\Users\aleja\DEV\New Tinkers\tinkers\src\main\java\slimeknights\tconstruct\tools\logic\InteractionHandler.java:63: warning: [removal] Bus in EventBusSubscriber has been deprecated and marked for removal
@EventBusSubscriber(modid = TConstruct.MOD_ID, bus = Bus.GAME)
                                                     ^
C:\Users\aleja\DEV\New Tinkers\tinkers\src\main\java\slimeknights\tconstruct\tools\logic\InteractionHandler.java:63: warning: [removal] bus() in EventBusSubscriber has been deprecated and marked for removal
@EventBusSubscriber(modid = TConstruct.MOD_ID, bus = Bus.GAME)
                                               ^
C:\Users\aleja\DEV\New Tinkers\tinkers\src\main\java\slimeknights\tconstruct\tools\logic\InteractionHandler.java:63: warning: [removal] Bus in EventBusSubscriber has been deprecated and marked for removal
@EventBusSubscriber(modid = TConstruct.MOD_ID, bus = Bus.GAME)
                                                     ^
C:\Users\aleja\DEV\New Tinkers\tinkers\src\main\java\slimeknights\tconstruct\tools\logic\InteractionHandler.java:63: warning: [removal] bus() in EventBusSubscriber has been deprecated and marked for removal
@EventBusSubscriber(modid = TConstruct.MOD_ID, bus = Bus.GAME)
                                               ^
C:\Users\aleja\DEV\New Tinkers\tinkers\src\main\java\slimeknights\tconstruct\tools\logic\InteractionHandler.java:63: warning: [removal] Bus in EventBusSubscriber has been deprecated and marked for removal
@EventBusSubscriber(modid = TConstruct.MOD_ID, bus = Bus.GAME)
                                                     ^
C:\Users\aleja\DEV\New Tinkers\tinkers\src\main\java\slimeknights\tconstruct\tools\logic\InteractionHandler.java:63: warning: [removal] bus() in EventBusSubscriber has been deprecated and marked for removal
@EventBusSubscriber(modid = TConstruct.MOD_ID, bus = Bus.GAME)
                                               ^
C:\Users\aleja\DEV\New Tinkers\tinkers\src\main\java\slimeknights\tconstruct\tools\logic\InteractionHandler.java:63: warning: [removal] Bus in EventBusSubscriber has been deprecated and marked for removal
@EventBusSubscriber(modid = TConstruct.MOD_ID, bus = Bus.GAME)
                                                     ^
C:\Users\aleja\DEV\New Tinkers\tinkers\src\main\java\slimeknights\tconstruct\tools\logic\ModifierEvents.java:99: warning: [removal] bus() in EventBusSubscriber has been deprecated and marked for removal
@EventBusSubscriber(modid = TConstruct.MOD_ID, bus = Bus.GAME)
                                               ^
C:\Users\aleja\DEV\New Tinkers\tinkers\src\main\java\slimeknights\tconstruct\tools\logic\ModifierEvents.java:99: warning: [removal] Bus in EventBusSubscriber has been deprecated and marked for removal
@EventBusSubscriber(modid = TConstruct.MOD_ID, bus = Bus.GAME)
                                                     ^
C:\Users\aleja\DEV\New Tinkers\tinkers\src\main\java\slimeknights\tconstruct\tools\logic\ModifierEvents.java:99: warning: [removal] bus() in EventBusSubscriber has been deprecated and marked for removal
@EventBusSubscriber(modid = TConstruct.MOD_ID, bus = Bus.GAME)
                                               ^
C:\Users\aleja\DEV\New Tinkers\tinkers\src\main\java\slimeknights\tconstruct\tools\logic\ModifierEvents.java:99: warning: [removal] Bus in EventBusSubscriber has been deprecated and marked for removal
@EventBusSubscriber(modid = TConstruct.MOD_ID, bus = Bus.GAME)
                                                     ^
C:\Users\aleja\DEV\New Tinkers\tinkers\src\main\java\slimeknights\tconstruct\tools\logic\ModifierEvents.java:99: warning: [removal] bus() in EventBusSubscriber has been deprecated and marked for removal
@EventBusSubscriber(modid = TConstruct.MOD_ID, bus = Bus.GAME)
                                               ^
C:\Users\aleja\DEV\New Tinkers\tinkers\src\main\java\slimeknights\tconstruct\tools\logic\ModifierEvents.java:99: warning: [removal] Bus in EventBusSubscriber has been deprecated and marked for removal
@EventBusSubscriber(modid = TConstruct.MOD_ID, bus = Bus.GAME)
                                                     ^
C:\Users\aleja\DEV\New Tinkers\tinkers\src\main\java\slimeknights\tconstruct\tools\logic\ModifierEvents.java:99: warning: [removal] bus() in EventBusSubscriber has been deprecated and marked for removal
@EventBusSubscriber(modid = TConstruct.MOD_ID, bus = Bus.GAME)
                                               ^
C:\Users\aleja\DEV\New Tinkers\tinkers\src\main\java\slimeknights\tconstruct\tools\logic\ModifierEvents.java:99: warning: [removal] Bus in EventBusSubscriber has been deprecated and marked for removal
@EventBusSubscriber(modid = TConstruct.MOD_ID, bus = Bus.GAME)
                                                     ^
C:\Users\aleja\DEV\New Tinkers\tinkers\src\main\java\slimeknights\tconstruct\tools\logic\ModifierEvents.java:99: warning: [removal] bus() in EventBusSubscriber has been deprecated and marked for removal
@EventBusSubscriber(modid = TConstruct.MOD_ID, bus = Bus.GAME)
                                               ^
C:\Users\aleja\DEV\New Tinkers\tinkers\src\main\java\slimeknights\tconstruct\tools\logic\ModifierEvents.java:99: warning: [removal] Bus in EventBusSubscriber has been deprecated and marked for removal
@EventBusSubscriber(modid = TConstruct.MOD_ID, bus = Bus.GAME)
                                                     ^
C:\Users\aleja\DEV\New Tinkers\tinkers\src\main\java\slimeknights\tconstruct\tools\logic\ModifierEvents.java:266: warning: [removal] CRITICAL_DAMAGE in TinkerDataKeys has been deprecated and marked for removal
    double criticalBoost = living.getAttributeValue(attribute) - attribute.value().getDefaultValue() + ArmorStatModule.getStat(living, TinkerDataKeys.CRITICAL_DAMAGE);
                                                                                                                                                     ^
C:\Users\aleja\DEV\New Tinkers\tinkers\src\main\java\slimeknights\tconstruct\tools\logic\ToolEvents.java:95: warning: [removal] bus() in EventBusSubscriber has been deprecated and marked for removal
@EventBusSubscriber(modid = TConstruct.MOD_ID, bus = Bus.GAME)
                                               ^
C:\Users\aleja\DEV\New Tinkers\tinkers\src\main\java\slimeknights\tconstruct\tools\logic\ToolEvents.java:95: warning: [removal] Bus in EventBusSubscriber has been deprecated and marked for removal
@EventBusSubscriber(modid = TConstruct.MOD_ID, bus = Bus.GAME)
                                                     ^
C:\Users\aleja\DEV\New Tinkers\tinkers\src\main\java\slimeknights\tconstruct\tools\logic\ToolEvents.java:95: warning: [removal] bus() in EventBusSubscriber has been deprecated and marked for removal
@EventBusSubscriber(modid = TConstruct.MOD_ID, bus = Bus.GAME)
                                               ^
C:\Users\aleja\DEV\New Tinkers\tinkers\src\main\java\slimeknights\tconstruct\tools\logic\ToolEvents.java:95: warning: [removal] Bus in EventBusSubscriber has been deprecated and marked for removal
@EventBusSubscriber(modid = TConstruct.MOD_ID, bus = Bus.GAME)
                                                     ^
C:\Users\aleja\DEV\New Tinkers\tinkers\src\main\java\slimeknights\tconstruct\tools\logic\ToolEvents.java:95: warning: [removal] bus() in EventBusSubscriber has been deprecated and marked for removal
@EventBusSubscriber(modid = TConstruct.MOD_ID, bus = Bus.GAME)
                                               ^
C:\Users\aleja\DEV\New Tinkers\tinkers\src\main\java\slimeknights\tconstruct\tools\logic\ToolEvents.java:95: warning: [removal] Bus in EventBusSubscriber has been deprecated and marked for removal
@EventBusSubscriber(modid = TConstruct.MOD_ID, bus = Bus.GAME)
                                                     ^
C:\Users\aleja\DEV\New Tinkers\tinkers\src\main\java\slimeknights\tconstruct\tools\logic\ToolEvents.java:95: warning: [removal] bus() in EventBusSubscriber has been deprecated and marked for removal
@EventBusSubscriber(modid = TConstruct.MOD_ID, bus = Bus.GAME)
                                               ^
C:\Users\aleja\DEV\New Tinkers\tinkers\src\main\java\slimeknights\tconstruct\tools\logic\ToolEvents.java:95: warning: [removal] Bus in EventBusSubscriber has been deprecated and marked for removal
@EventBusSubscriber(modid = TConstruct.MOD_ID, bus = Bus.GAME)
                                                     ^
C:\Users\aleja\DEV\New Tinkers\tinkers\src\main\java\slimeknights\tconstruct\tools\logic\ToolEvents.java:95: warning: [removal] bus() in EventBusSubscriber has been deprecated and marked for removal
@EventBusSubscriber(modid = TConstruct.MOD_ID, bus = Bus.GAME)
                                               ^
C:\Users\aleja\DEV\New Tinkers\tinkers\src\main\java\slimeknights\tconstruct\tools\logic\ToolEvents.java:95: warning: [removal] Bus in EventBusSubscriber has been deprecated and marked for removal
@EventBusSubscriber(modid = TConstruct.MOD_ID, bus = Bus.GAME)
                                                     ^
C:\Users\aleja\DEV\New Tinkers\tinkers\src\main\java\slimeknights\tconstruct\tools\logic\ToolEvents.java:299: warning: [removal] CROUCH_DAMAGE in TinkerDataKeys has been deprecated and marked for removal
        crouchMultiplier += ArmorStatModule.getStat(attacker, TinkerDataKeys.CROUCH_DAMAGE);
                                                                            ^
C:\Users\aleja\DEV\New Tinkers\tinkers\src\main\java\slimeknights\tconstruct\tools\modifiers\effect\HelmetChargingEffect.java:39: warning: [removal] initializeClient(Consumer<IClientMobEffectExtensions>) in MobEffect has been deprecated and marked for removal
  public void initializeClient(Consumer<IClientMobEffectExtensions> consumer) {
              ^
C:\Users\aleja\DEV\New Tinkers\tinkers\src\main\java\slimeknights\tconstruct\tools\ToolClientEvents.java:96: warning: [removal] bus() in EventBusSubscriber has been deprecated and marked for removal
@EventBusSubscriber(modid = TConstruct.MOD_ID, value = Dist.CLIENT, bus = Bus.MOD)
                                                                    ^
C:\Users\aleja\DEV\New Tinkers\tinkers\src\main\java\slimeknights\tconstruct\tools\ToolClientEvents.java:96: warning: [removal] Bus in EventBusSubscriber has been deprecated and marked for removal
@EventBusSubscriber(modid = TConstruct.MOD_ID, value = Dist.CLIENT, bus = Bus.MOD)
                                                                          ^
C:\Users\aleja\DEV\New Tinkers\tinkers\src\main\java\slimeknights\tconstruct\tools\ToolClientEvents.java:96: warning: [removal] bus() in EventBusSubscriber has been deprecated and marked for removal
@EventBusSubscriber(modid = TConstruct.MOD_ID, value = Dist.CLIENT, bus = Bus.MOD)
                                                                    ^
C:\Users\aleja\DEV\New Tinkers\tinkers\src\main\java\slimeknights\tconstruct\tools\ToolClientEvents.java:96: warning: [removal] Bus in EventBusSubscriber has been deprecated and marked for removal
@EventBusSubscriber(modid = TConstruct.MOD_ID, value = Dist.CLIENT, bus = Bus.MOD)
                                                                          ^
C:\Users\aleja\DEV\New Tinkers\tinkers\src\main\java\slimeknights\tconstruct\tools\ToolClientEvents.java:96: warning: [removal] bus() in EventBusSubscriber has been deprecated and marked for removal
@EventBusSubscriber(modid = TConstruct.MOD_ID, value = Dist.CLIENT, bus = Bus.MOD)
                                                                    ^
C:\Users\aleja\DEV\New Tinkers\tinkers\src\main\java\slimeknights\tconstruct\tools\ToolClientEvents.java:96: warning: [removal] Bus in EventBusSubscriber has been deprecated and marked for removal
@EventBusSubscriber(modid = TConstruct.MOD_ID, value = Dist.CLIENT, bus = Bus.MOD)
                                                                          ^
C:\Users\aleja\DEV\New Tinkers\tinkers\src\main\java\slimeknights\tconstruct\tools\ToolClientEvents.java:96: warning: [removal] bus() in EventBusSubscriber has been deprecated and marked for removal
@EventBusSubscriber(modid = TConstruct.MOD_ID, value = Dist.CLIENT, bus = Bus.MOD)
                                                                    ^
C:\Users\aleja\DEV\New Tinkers\tinkers\src\main\java\slimeknights\tconstruct\tools\ToolClientEvents.java:96: warning: [removal] Bus in EventBusSubscriber has been deprecated and marked for removal
@EventBusSubscriber(modid = TConstruct.MOD_ID, value = Dist.CLIENT, bus = Bus.MOD)
                                                                          ^
C:\Users\aleja\DEV\New Tinkers\tinkers\src\main\java\slimeknights\tconstruct\tools\ToolClientEvents.java:96: warning: [removal] bus() in EventBusSubscriber has been deprecated and marked for removal
@EventBusSubscriber(modid = TConstruct.MOD_ID, value = Dist.CLIENT, bus = Bus.MOD)
                                                                    ^
C:\Users\aleja\DEV\New Tinkers\tinkers\src\main\java\slimeknights\tconstruct\tools\ToolClientEvents.java:96: warning: [removal] Bus in EventBusSubscriber has been deprecated and marked for removal
@EventBusSubscriber(modid = TConstruct.MOD_ID, value = Dist.CLIENT, bus = Bus.MOD)
                                                                          ^
C:\Users\aleja\DEV\New Tinkers\tinkers\src\main\java\slimeknights\tconstruct\world\WorldClientEvents.java:44: warning: [removal] bus() in EventBusSubscriber has been deprecated and marked for removal
@EventBusSubscriber(modid=TConstruct.MOD_ID, value=Dist.CLIENT, bus=Bus.MOD)
                                                                ^
C:\Users\aleja\DEV\New Tinkers\tinkers\src\main\java\slimeknights\tconstruct\world\WorldClientEvents.java:44: warning: [removal] Bus in EventBusSubscriber has been deprecated and marked for removal
@EventBusSubscriber(modid=TConstruct.MOD_ID, value=Dist.CLIENT, bus=Bus.MOD)
                                                                    ^
C:\Users\aleja\DEV\New Tinkers\tinkers\src\main\java\slimeknights\tconstruct\world\WorldClientEvents.java:44: warning: [removal] bus() in EventBusSubscriber has been deprecated and marked for removal
@EventBusSubscriber(modid=TConstruct.MOD_ID, value=Dist.CLIENT, bus=Bus.MOD)
                                                                ^
C:\Users\aleja\DEV\New Tinkers\tinkers\src\main\java\slimeknights\tconstruct\world\WorldClientEvents.java:44: warning: [removal] Bus in EventBusSubscriber has been deprecated and marked for removal
@EventBusSubscriber(modid=TConstruct.MOD_ID, value=Dist.CLIENT, bus=Bus.MOD)
                                                                    ^
C:\Users\aleja\DEV\New Tinkers\tinkers\src\main\java\slimeknights\tconstruct\world\WorldClientEvents.java:44: warning: [removal] bus() in EventBusSubscriber has been deprecated and marked for removal
@EventBusSubscriber(modid=TConstruct.MOD_ID, value=Dist.CLIENT, bus=Bus.MOD)
                                                                ^
C:\Users\aleja\DEV\New Tinkers\tinkers\src\main\java\slimeknights\tconstruct\world\WorldClientEvents.java:44: warning: [removal] Bus in EventBusSubscriber has been deprecated and marked for removal
@EventBusSubscriber(modid=TConstruct.MOD_ID, value=Dist.CLIENT, bus=Bus.MOD)
                                                                    ^
C:\Users\aleja\DEV\New Tinkers\tinkers\src\main\java\slimeknights\tconstruct\world\WorldClientEvents.java:44: warning: [removal] bus() in EventBusSubscriber has been deprecated and marked for removal
@EventBusSubscriber(modid=TConstruct.MOD_ID, value=Dist.CLIENT, bus=Bus.MOD)
                                                                ^
C:\Users\aleja\DEV\New Tinkers\tinkers\src\main\java\slimeknights\tconstruct\world\WorldClientEvents.java:44: warning: [removal] Bus in EventBusSubscriber has been deprecated and marked for removal
@EventBusSubscriber(modid=TConstruct.MOD_ID, value=Dist.CLIENT, bus=Bus.MOD)
                                                                    ^
C:\Users\aleja\DEV\New Tinkers\tinkers\src\main\java\slimeknights\tconstruct\world\WorldClientEvents.java:44: warning: [removal] bus() in EventBusSubscriber has been deprecated and marked for removal
@EventBusSubscriber(modid=TConstruct.MOD_ID, value=Dist.CLIENT, bus=Bus.MOD)
                                                                ^
C:\Users\aleja\DEV\New Tinkers\tinkers\src\main\java\slimeknights\tconstruct\world\WorldClientEvents.java:44: warning: [removal] Bus in EventBusSubscriber has been deprecated and marked for removal
@EventBusSubscriber(modid=TConstruct.MOD_ID, value=Dist.CLIENT, bus=Bus.MOD)
                                                                    ^
C:\Users\aleja\DEV\New Tinkers\tinkers\src\main\java\slimeknights\tconstruct\world\WorldEvents.java:25: warning: [removal] bus() in EventBusSubscriber has been deprecated and marked for removal
@EventBusSubscriber(modid = TConstruct.MOD_ID, bus = EventBusSubscriber.Bus.GAME)
                                               ^
C:\Users\aleja\DEV\New Tinkers\tinkers\src\main\java\slimeknights\tconstruct\world\WorldEvents.java:25: warning: [removal] Bus in EventBusSubscriber has been deprecated and marked for removal
@EventBusSubscriber(modid = TConstruct.MOD_ID, bus = EventBusSubscriber.Bus.GAME)
                                                                       ^
C:\Users\aleja\DEV\New Tinkers\tinkers\src\main\java\slimeknights\tconstruct\world\WorldEvents.java:25: warning: [removal] bus() in EventBusSubscriber has been deprecated and marked for removal
@EventBusSubscriber(modid = TConstruct.MOD_ID, bus = EventBusSubscriber.Bus.GAME)
                                               ^
C:\Users\aleja\DEV\New Tinkers\tinkers\src\main\java\slimeknights\tconstruct\world\WorldEvents.java:25: warning: [removal] Bus in EventBusSubscriber has been deprecated and marked for removal
@EventBusSubscriber(modid = TConstruct.MOD_ID, bus = EventBusSubscriber.Bus.GAME)
                                                                       ^
C:\Users\aleja\DEV\New Tinkers\tinkers\src\main\java\slimeknights\tconstruct\world\WorldEvents.java:25: warning: [removal] bus() in EventBusSubscriber has been deprecated and marked for removal
@EventBusSubscriber(modid = TConstruct.MOD_ID, bus = EventBusSubscriber.Bus.GAME)
                                               ^
C:\Users\aleja\DEV\New Tinkers\tinkers\src\main\java\slimeknights\tconstruct\world\WorldEvents.java:25: warning: [removal] Bus in EventBusSubscriber has been deprecated and marked for removal
@EventBusSubscriber(modid = TConstruct.MOD_ID, bus = EventBusSubscriber.Bus.GAME)
                                                                       ^
C:\Users\aleja\DEV\New Tinkers\tinkers\src\main\java\slimeknights\tconstruct\world\WorldEvents.java:25: warning: [removal] bus() in EventBusSubscriber has been deprecated and marked for removal
@EventBusSubscriber(modid = TConstruct.MOD_ID, bus = EventBusSubscriber.Bus.GAME)
                                               ^
C:\Users\aleja\DEV\New Tinkers\tinkers\src\main\java\slimeknights\tconstruct\world\WorldEvents.java:25: warning: [removal] Bus in EventBusSubscriber has been deprecated and marked for removal
@EventBusSubscriber(modid = TConstruct.MOD_ID, bus = EventBusSubscriber.Bus.GAME)
                                                                       ^
C:\Users\aleja\DEV\New Tinkers\tinkers\src\main\java\slimeknights\tconstruct\world\WorldEvents.java:25: warning: [removal] bus() in EventBusSubscriber has been deprecated and marked for removal
@EventBusSubscriber(modid = TConstruct.MOD_ID, bus = EventBusSubscriber.Bus.GAME)
                                               ^
C:\Users\aleja\DEV\New Tinkers\tinkers\src\main\java\slimeknights\tconstruct\world\WorldEvents.java:25: warning: [removal] Bus in EventBusSubscriber has been deprecated and marked for removal
@EventBusSubscriber(modid = TConstruct.MOD_ID, bus = EventBusSubscriber.Bus.GAME)
                                                                       ^
Note: Some input files use or override a deprecated API.
Note: Recompile with -Xlint:deprecation for details.
Note: Some input files use unchecked or unsafe operations.
Note: Recompile with -Xlint:unchecked for details.
208 warnings

[Incubating] Problems report is available at: file:///C:/Users/aleja/DEV/New%20Tinkers/tinkers/build/reports/problems/problems-report.html

Deprecated Gradle features were used in this build, making it incompatible with Gradle 10.

You can use '--warning-mode all' to show the individual deprecation warnings and determine if they come from your own scripts or plugins.

For more on this, please refer to https://docs.gradle.org/9.2.1/userguide/command_line_interface.html#sec:command_line_warnings in the Gradle documentation.

BUILD SUCCESSFUL in 5m 14s
51 actionable tasks: 5 executed, 46 up-to-date
